exports[`Nav renders correctly 1`] = `
<nav
  className="navbar">
  <ul
    className="navgroup">
    <li>
      <Link
        className="navlink"
        replace={false}
        to="/">
        Main
      </Link>
    </li>
    <li>
      <NavLink
        activeClassName="active"
        className="navlink"
        to="/play">
        Play
      </NavLink>
    </li>
    <li>
      <NavLink
        activeClassName="active"
        className="navlink"
        to="/about">
        About
      </NavLink>
    </li>
  </ul>
  <ul
    className="navgroup">
    <li>
      <a
        className="navlink"
        href=""
        onClick={[Function]}>
        Log in
      </a>
    </li>
    <li>
      <a
        className="navlink"
        href=""
        onClick={[Function]}>
        Register
      </a>
    </li>
  </ul>
</nav>
`;
